// Jest Snapshot v1, https://goo.gl/fbAQLP

exports[`instrumenter integration should be able to instrument optional chains 1`] = `
"function stryNS_9fa48() {
  var g = new Function(\\"return this\\")();
  var ns = g.__stryker__ || (g.__stryker__ = {});
  if (ns.activeMutant === undefined && g.process && g.process.env && g.process.env.__STRYKER_ACTIVE_MUTANT__) {
    ns.activeMutant = g.process.env.__STRYKER_ACTIVE_MUTANT__;
  }
  function retrieveNS() {
    return ns;
  }
  stryNS_9fa48 = retrieveNS;
  return retrieveNS();
}
stryNS_9fa48();
function stryCov_9fa48() {
  var ns = stryNS_9fa48();
  var cov = ns.mutantCoverage || (ns.mutantCoverage = {
    static: {},
    perTest: {}
  });
  function cover() {
    var c = cov.static;
    if (ns.currentTestId) {
      c = cov.perTest[ns.currentTestId] = cov.perTest[ns.currentTestId] || {};
    }
    var a = arguments;
    for (var i = 0; i < a.length; i++) {
      c[a[i]] = (c[a[i]] || 0) + 1;
    }
  }
  stryCov_9fa48 = cover;
  cover.apply(null, arguments);
}
function stryMutAct_9fa48(id) {
  var ns = stryNS_9fa48();
  function isActive(id) {
    if (ns.activeMutant === id) {
      if (ns.hitCount !== void 0 && ++ns.hitCount > ns.hitLimit) {
        throw new Error('Stryker: Hit count limit reached (' + ns.hitCount + ')');
      }
      return true;
    }
    return false;
  }
  stryMutAct_9fa48 = isActive;
  return isActive(id);
}
if (stryMutAct_9fa48(\\"0\\")) {
  ;
} else {
  stryCov_9fa48(\\"0\\");
  const baz = stryMutAct_9fa48(\\"1\\") ? foo?.bar?.()?.[1] && 'qux' : (stryCov_9fa48(\\"1\\"), (stryMutAct_9fa48(\\"4\\") ? foo.bar?.()?.[1] : stryMutAct_9fa48(\\"3\\") ? foo?.bar()?.[1] : stryMutAct_9fa48(\\"2\\") ? foo?.bar?.()[1] : (stryCov_9fa48(\\"2\\", \\"3\\", \\"4\\"), foo?.bar?.()?.[1])) ?? (stryMutAct_9fa48(\\"5\\") ? \\"\\" : (stryCov_9fa48(\\"5\\"), 'qux')));
}
if (stryMutAct_9fa48(\\"6\\")) {
  ;
} else {
  stryCov_9fa48(\\"6\\");
  stryMutAct_9fa48(\\"8\\") ? null?.map() : stryMutAct_9fa48(\\"7\\") ? qux().map() : (stryCov_9fa48(\\"7\\", \\"8\\"), qux()?.map());
}
if (stryMutAct_9fa48(\\"9\\")) {
  ;
} else {
  stryCov_9fa48(\\"9\\");
  const directiveRanges = stryMutAct_9fa48(\\"10\\") ? comments.map(tryParseTSDirective) : (stryCov_9fa48(\\"10\\"), comments?.map(tryParseTSDirective));
}
if (stryMutAct_9fa48(\\"11\\")) {
  ;
} else {
  stryCov_9fa48(\\"11\\");
  const qux = stryMutAct_9fa48(\\"12\\") ? null : (stryCov_9fa48(\\"12\\"), quux(stryMutAct_9fa48(\\"13\\") ? corge.cov() : (stryCov_9fa48(\\"13\\"), corge?.cov())));
}
if (stryMutAct_9fa48(\\"14\\")) {
  ;
} else {
  stryCov_9fa48(\\"14\\");
  stryMutAct_9fa48(\\"15\\") ? input.id!.toString() : (stryCov_9fa48(\\"15\\"), input?.id!.toString());
}
if (stryMutAct_9fa48(\\"16\\")) {
  ;
} else {
  stryCov_9fa48(\\"16\\");
  stryMutAct_9fa48(\\"17\\") ? bar.baz[0] : (stryCov_9fa48(\\"17\\"), bar?.baz[0]);
}"
`;
